node.exe : FAIL tests/integracion/consultores.int.test.ts
En línea: 1 Carácter: 1
+ & "C:\Program Files\nodejs/node.exe" 
"C:\Users\caro2\AppData\Roaming\ ...
+ ~~~~~~~~~~~~~~~~~~~~~~~~~~~~~~~~~~~~~~~~~~~~~~~~~~~~~~~~~~
~~~~~~~~~~~
    + CategoryInfo          : NotSpecified: (FAIL tests/int 
   e...res.int.test.ts:String) [], RemoteException
    + FullyQualifiedErrorId : NativeCommandError
 
  ΓùÅ Test suite failed to run

    Cannot find module 
'../../src/core/infraestructura/RepositorioFactory' from 
'tests/integracion/consultores.int.test.ts'

    [0m [90m 2 |[39m [36mimport[39m { app } 
[36mfrom[39m 
[32m"../../src/presentacion/app"[39m[33m;[39m
     [90m 3 |[39m
    [31m[1m>[22m[39m[90m 4 |[39m jest[33m.[39mmock(
[32m"../../src/core/infraestructura/RepositorioFactory"[39m
[33m,[39m () [33m=>[39m ({
     [90m   |[39m      [31m[1m^[22m[39m
     [90m 5 |[39m   
[33mRepositorioFactory[39m[33m:[39m {
     [90m 6 |[39m     crearRepositorio[33m:[39m 
[36masync[39m () [33m=>[39m ({
     [90m 7 |[39m       [0m

      at Resolver._throwModNotFoundError 
(node_modules/jest-resolve/build/resolver.js:427:11)
      at Object.<anonymous> 
(tests/integracion/consultores.int.test.ts:4:6)

Test Suites: 1 failed, 1 total
Tests:       0 total
Snapshots:   0 total
Time:        0.575 s
Ran all test suites matching 
/tests\\integracion\\consultores.int.test.ts/i.
